

══════════════════════════════════════════════════════════════════════
  🧪 COMPREHENSIVE API TEST SUITE
  Overlay Platform - All 8 CRUD Handlers
══════════════════════════════════════════════════════════════════════

  API URL: https://wojz5amtrl.execute-api.eu-west-1.amazonaws.com/production
  Test User: admin@example.com
  Date: 2026-01-20T21:06:45.304Z

🔐 Getting Authentication Token...
   ✅ Token obtained: eyJraWQiOiJ2YmFFMWNuOHd2YXFIOH...


📁 Testing Organizations Handler
==================================================

  Testing: GET /organizations - List all organizations... ❌ FAIL (68ms)
     Error: Expected status 200 but got 403

  Testing: POST /organizations - Create new organization... ❌ FAIL (25ms)
     Error: Expected status 201 but got 403

  ⏭️  Skipped: GET /organizations/{id} - No organization created

  Testing: GET /organizations/{id} - Test 404 for non-existent org... ❌ FAIL (26ms)
     Error: Expected status 404 but got 403


📋 Testing Overlays Handler
==================================================

  Testing: GET /overlays - List all overlays... ❌ FAIL (26ms)
     Error: Expected status 200 but got 403

  Testing: POST /overlays - Create overlay with evaluation criteria... ❌ FAIL (48ms)
     Error: Expected status 201 but got 403

  Testing: GET /overlays/{id} - Test 404 for non-existent overlay... ❌ FAIL (27ms)
     Error: Expected status 404 but got 403


👥 Testing Sessions Handler
==================================================

  ⚠️  Warning: No overlay created, using existing overlay

  Testing: GET /sessions - List user sessions... ❌ FAIL (28ms)
     Error: Expected status 200 but got 403

  Testing: GET /sessions/available - List available sessions... ❌ FAIL (29ms)
     Error: Expected status 200 but got 403

  ⏭️  Skipped: POST /sessions - No overlay available


📄 Testing Submissions Handler
==================================================

  Testing: GET /submissions - List user submissions... ❌ FAIL (26ms)
     Error: Expected status 200 but got 403

  ⏭️  Skipped: POST /submissions - No overlay available


👤 Testing Users Handler
==================================================

  Testing: GET /users - List organization users... ❌ FAIL (46ms)
     Error: Expected status 200 but got 403

  Testing: POST /users - Create new user... ❌ FAIL (26ms)
     Error: Expected status 201 but got 403


✉️  Testing Invitations Handler
==================================================

  Testing: GET /invitations - List user invitations... ❌ FAIL (48ms)
     Error: Expected status 200 but got 403

  ⏭️  Skipped: POST /sessions/{id}/invite - Missing session or user

  ℹ️  Note: Accept/decline tests require switching user context


💬 Testing Answers Handler
==================================================

  ⏭️  Skipped: Answers tests - No submission available


📊 Testing Analytics Handler
==================================================

  Testing: GET /analytics/overview - Get dashboard metrics... ❌ FAIL (47ms)
     Error: Expected status 200 but got 403

  Testing: GET /analytics/submissions - Get submission statistics... ❌ FAIL (45ms)
     Error: Expected status 200 but got 403

  Testing: GET /analytics/users - Get user activity metrics... ❌ FAIL (50ms)
     Error: Expected status 200 but got 403



══════════════════════════════════════════════════════════════════════
  📈 TEST SUMMARY
══════════════════════════════════════════════════════════════════════

  Total Tests: 21
  ✅ Passed: 0
  ❌ Failed: 15
  ⏭️  Skipped: 6

  Total Duration: 1.68s
  Average Test Time: 112ms


  ❌ FAILED TESTS:
     - GET /organizations - List all organizations
       Error: Expected status 200 but got 403
     - POST /organizations - Create new organization
       Error: Expected status 201 but got 403
     - GET /organizations/{id} - Test 404 for non-existent org
       Error: Expected status 404 but got 403
     - GET /overlays - List all overlays
       Error: Expected status 200 but got 403
     - POST /overlays - Create overlay with evaluation criteria
       Error: Expected status 201 but got 403
     - GET /overlays/{id} - Test 404 for non-existent overlay
       Error: Expected status 404 but got 403
     - GET /sessions - List user sessions
       Error: Expected status 200 but got 403
     - GET /sessions/available - List available sessions
       Error: Expected status 200 but got 403
     - GET /submissions - List user submissions
       Error: Expected status 200 but got 403
     - GET /users - List organization users
       Error: Expected status 200 but got 403
     - POST /users - Create new user
       Error: Expected status 201 but got 403
     - GET /invitations - List user invitations
       Error: Expected status 200 but got 403
     - GET /analytics/overview - Get dashboard metrics
       Error: Expected status 200 but got 403
     - GET /analytics/submissions - Get submission statistics
       Error: Expected status 200 but got 403
     - GET /analytics/users - Get user activity metrics
       Error: Expected status 200 but got 403

═
═
═
═
═
═
═
═
═
═
═
═
═
═
═
═
═
═
═
═
═
═
═
═
═
═
═
═
═
═
═
═
═
═
═
═
═
═
═
═
═
═
═
═
═
═
═
═
═
═
═
═
═
═
═
═
═
═
═
═
═
═
═
═
═
═
═
═
═
═

  ⚠️  15 test(s) failed. Review errors above.

